EN mux_4to1 NULL C:/Users/LATITUDE/Documents/term5/computerArchitecture/Az.architecture/2/session02codes/mux_4to1.vhd sub00/vhpl18 1634103138
AR and_gate_4 structure C:/Users/LATITUDE/Documents/term5/computerArchitecture/Az.architecture/2/session02codes/and_gate_4.vhd sub00/vhpl07 1634102570
AR and_gate_5 structure C:/Users/LATITUDE/Documents/term5/computerArchitecture/Az.architecture/2/session02codes/and_gate_5.vhd sub00/vhpl13 1634102576
EN or_gate_4 NULL C:/Users/LATITUDE/Documents/term5/computerArchitecture/Az.architecture/2/session02codes/or_gate_4.vhd sub00/vhpl14 1634103136
AR xnor_gate gatelevel C:/Users/LATITUDE/Documents/term5/computerArchitecture/Az.architecture/2/session02codes/xnor_gate.vhd sub00/vhpl09 1634102572
EN not_gate NULL C:/Users/LATITUDE/Documents/term5/computerArchitecture/Az.architecture/2/session02codes/not_gate.vhd sub00/vhpl10 1634103132
AR not_gate gatelevel C:/Users/LATITUDE/Documents/term5/computerArchitecture/Az.architecture/2/session02codes/not_gate.vhd sub00/vhpl11 1634103133
AR and_gate gatelevel C:/Users/LATITUDE/Documents/term5/computerArchitecture/Az.architecture/2/session02codes/and_gate.vhd sub00/vhpl01 1634103131
EN comparator_4bit NULL C:/Users/LATITUDE/Documents/term5/computerArchitecture/Az.architecture/2/session02codes/comparator_4bit.vhd sub00/vhpl16 1634102579
EN xnor_gate NULL C:/Users/LATITUDE/Documents/term5/computerArchitecture/Az.architecture/2/session02codes/xnor_gate.vhd sub00/vhpl08 1634102571
EN and_gate_3 NULL C:/Users/LATITUDE/Documents/term5/computerArchitecture/Az.architecture/2/session02codes/and_gate_3.vhd sub00/vhpl02 1634103134
EN and_gate_4 NULL C:/Users/LATITUDE/Documents/term5/computerArchitecture/Az.architecture/2/session02codes/and_gate_4.vhd sub00/vhpl06 1634102569
EN and_gate_5 NULL C:/Users/LATITUDE/Documents/term5/computerArchitecture/Az.architecture/2/session02codes/and_gate_5.vhd sub00/vhpl12 1634102575
AR mux_4to1 structure C:/Users/LATITUDE/Documents/term5/computerArchitecture/Az.architecture/2/session02codes/mux_4to1.vhd sub00/vhpl19 1634103139
AR comparator_4bit structure C:/Users/LATITUDE/Documents/term5/computerArchitecture/Az.architecture/2/session02codes/comparator_4bit.vhd sub00/vhpl17 1634102580
EN or_gate NULL C:/Users/LATITUDE/Documents/term5/computerArchitecture/Az.architecture/2/session02codes/or_gate.vhd sub00/vhpl04 1634103128
AR or_gate_4 structure C:/Users/LATITUDE/Documents/term5/computerArchitecture/Az.architecture/2/session02codes/or_gate_4.vhd sub00/vhpl15 1634103137
EN and_gate NULL C:/Users/LATITUDE/Documents/term5/computerArchitecture/Az.architecture/2/session02codes/and_gate.vhd sub00/vhpl00 1634103130
AR and_gate_3 structure C:/Users/LATITUDE/Documents/term5/computerArchitecture/Az.architecture/2/session02codes/and_gate_3.vhd sub00/vhpl03 1634103135
AR or_gate gatelevel C:/Users/LATITUDE/Documents/term5/computerArchitecture/Az.architecture/2/session02codes/or_gate.vhd sub00/vhpl05 1634103129
