EN tff NULL C:/Users/LATITUDE/Documents/term5/computerArchitecture/Az.architecture/3/session03codes/TFF/TFF.vhd sub00/vhpl00 1634908178
AR tff behavioral C:/Users/LATITUDE/Documents/term5/computerArchitecture/Az.architecture/3/session03codes/TFF/TFF.vhd sub00/vhpl01 1634908179
EN counter NULL C:/Users/LATITUDE/Documents/term5/computerArchitecture/Az.architecture/3/session03codes/TFF/counter.vhd sub00/vhpl02 1634908058
