EN single_port_ram_visualtest NULL C:/Users/LATITUDE/Documents/term5/computerArchitecture/Az.architecture/10/memory/single_port/single_port_RAM_visualTest.vhd sub00/vhpl02 1640373419
AR single_port_ram arch C:/Users/LATITUDE/Documents/term5/computerArchitecture/Az.architecture/10/memory/single_port/single_port_RAM.vhd sub00/vhpl01 1640373418
EN single_port_ram NULL C:/Users/LATITUDE/Documents/term5/computerArchitecture/Az.architecture/10/memory/single_port/single_port_RAM.vhd sub00/vhpl00 1640373417
AR single_port_ram_visualtest arch C:/Users/LATITUDE/Documents/term5/computerArchitecture/Az.architecture/10/memory/single_port/single_port_RAM_visualTest.vhd sub00/vhpl03 1640373420
