V3 3
FL C:/Users/LATITUDE/Documents/term5/computerArchitecture/Az.architecture/11/scomp/scomp.vhd 2021/12/31.17:34:19 P.20131013
EN work/scomp 1640959553 \
      FL C:/Users/LATITUDE/Documents/term5/computerArchitecture/Az.architecture/11/scomp/scomp.vhd \
      PB ieee/std_logic_1164 1381692176 PB ieee/NUMERIC_STD 1381692181
AR work/scomp/rtl 1640959554 \
      FL C:/Users/LATITUDE/Documents/term5/computerArchitecture/Az.architecture/11/scomp/scomp.vhd \
      EN work/scomp 1640959553
